[2026-06-10 18:29:24] === Gmail Polling START ===
[2026-06-10 18:31:46] === Gmail Polling START ===
[2026-06-10 18:31:47] SKIP: Another instance is already running (lock file busy).
[2026-06-10 18:33:04] === Gmail Polling START ===
[2026-06-10 18:33:05] ERROR: syntax error, unexpected token "try", expecting "function" or "const"
[2026-06-10 18:33:05] Trace: C:\xampp\htdocs\laminas-app\module\Library\src\Service\GmailService.php:248
[2026-06-10 18:33:44] === Gmail Polling START ===
[2026-06-10 18:33:45] OK: No new payments found.
[2026-06-10 18:33:45] === Gmail Polling END ===
[2026-06-10 18:34:04] === Gmail Polling START ===
[2026-06-10 18:34:05] OK: No new payments found.
[2026-06-10 18:34:05] === Gmail Polling END ===
[2026-06-10 18:35:06] === Gmail Polling START ===
[2026-06-10 18:35:08] OK: No new payments found.
[2026-06-10 18:35:08] === Gmail Polling END ===
[2026-06-10 18:36:06] === Gmail Polling START ===
[2026-06-10 18:36:07] OK: No new payments found.
[2026-06-10 18:36:07] === Gmail Polling END ===
[2026-06-10 18:37:04] === Gmail Polling START ===
[2026-06-10 18:37:06] OK: No new payments found.
[2026-06-10 18:37:06] === Gmail Polling END ===
[2026-06-10 18:38:05] === Gmail Polling START ===
[2026-06-10 18:38:07] OK: No new payments found.
[2026-06-10 18:38:07] === Gmail Polling END ===
[2026-06-10 18:39:05] === Gmail Polling START ===
[2026-06-10 18:39:07] OK: No new payments found.
[2026-06-10 18:39:07] === Gmail Polling END ===
[2026-06-10 18:40:04] === Gmail Polling START ===
[2026-06-10 18:40:05] OK: No new payments found.
[2026-06-10 18:40:05] === Gmail Polling END ===
[2026-06-11 16:24:13] === Gmail Polling START ===
[2026-06-11 16:24:18] OK: No new payments found.
[2026-06-11 16:24:18] === Gmail Polling END ===
[2026-06-11 16:25:04] === Gmail Polling START ===
[2026-06-11 16:25:05] OK: No new payments found.
[2026-06-11 16:25:05] === Gmail Polling END ===
[2026-06-11 16:26:04] === Gmail Polling START ===
[2026-06-11 16:26:05] OK: No new payments found.
[2026-06-11 16:26:05] === Gmail Polling END ===
[2026-06-11 16:27:05] === Gmail Polling START ===
[2026-06-11 16:27:07] OK: No new payments found.
[2026-06-11 16:27:07] === Gmail Polling END ===
[2026-06-11 16:28:04] === Gmail Polling START ===
[2026-06-11 16:28:05] OK: No new payments found.
[2026-06-11 16:28:05] === Gmail Polling END ===
[2026-06-11 16:29:04] === Gmail Polling START ===
[2026-06-11 16:29:04] OK: No new payments found.
[2026-06-11 16:29:04] === Gmail Polling END ===
[2026-06-11 16:30:05] === Gmail Polling START ===
[2026-06-11 16:30:06] OK: No new payments found.
[2026-06-11 16:30:06] === Gmail Polling END ===
[2026-06-11 16:31:05] === Gmail Polling START ===
[2026-06-11 16:31:07] OK: No new payments found.
[2026-06-11 16:31:07] === Gmail Polling END ===
[2026-06-11 16:32:04] === Gmail Polling START ===
[2026-06-11 16:32:05] OK: No new payments found.
[2026-06-11 16:32:05] === Gmail Polling END ===
[2026-06-11 16:33:04] === Gmail Polling START ===
[2026-06-11 16:33:04] OK: No new payments found.
[2026-06-11 16:33:04] === Gmail Polling END ===
[2026-06-11 16:34:03] === Gmail Polling START ===
[2026-06-11 16:34:04] OK: No new payments found.
[2026-06-11 16:34:04] === Gmail Polling END ===
[2026-06-11 16:35:04] === Gmail Polling START ===
[2026-06-11 16:35:04] OK: No new payments found.
[2026-06-11 16:35:04] === Gmail Polling END ===
[2026-06-11 16:36:03] === Gmail Polling START ===
[2026-06-11 16:36:04] OK: No new payments found.
[2026-06-11 16:36:04] === Gmail Polling END ===
[2026-06-11 16:37:06] === Gmail Polling START ===
[2026-06-11 16:37:08] OK: No new payments found.
[2026-06-11 16:37:08] === Gmail Polling END ===
[2026-06-11 16:38:05] === Gmail Polling START ===
[2026-06-11 16:38:07] OK: No new payments found.
[2026-06-11 16:38:07] === Gmail Polling END ===
[2026-06-11 16:39:04] === Gmail Polling START ===
[2026-06-11 16:39:05] OK: No new payments found.
[2026-06-11 16:39:05] === Gmail Polling END ===
[2026-06-11 16:40:03] === Gmail Polling START ===
[2026-06-11 16:40:04] OK: No new payments found.
[2026-06-11 16:40:04] === Gmail Polling END ===
[2026-06-11 16:40:47] === Gmail Polling START ===
[2026-06-11 16:40:48] OK: No new payments found.
[2026-06-11 16:40:48] === Gmail Polling END ===
[2026-06-11 16:41:04] === Gmail Polling START ===
[2026-06-11 16:41:04] OK: No new payments found.
[2026-06-11 16:41:04] === Gmail Polling END ===
[2026-06-11 16:42:04] === Gmail Polling START ===
[2026-06-11 16:42:04] OK: No new payments found.
[2026-06-11 16:42:04] === Gmail Polling END ===
[2026-06-11 16:43:04] === Gmail Polling START ===
[2026-06-11 16:43:05] OK: No new payments found.
[2026-06-11 16:43:05] === Gmail Polling END ===
[2026-06-11 16:44:04] === Gmail Polling START ===
[2026-06-11 16:44:04] OK: No new payments found.
[2026-06-11 16:44:04] === Gmail Polling END ===
[2026-06-11 16:45:04] === Gmail Polling START ===
[2026-06-11 16:45:04] OK: No new payments found.
[2026-06-11 16:45:04] === Gmail Polling END ===
[2026-06-11 16:46:04] === Gmail Polling START ===
[2026-06-11 16:46:07] OK: No new payments found.
[2026-06-11 16:46:07] === Gmail Polling END ===
[2026-06-11 16:47:04] === Gmail Polling START ===
[2026-06-11 16:47:04] OK: No new payments found.
[2026-06-11 16:47:04] === Gmail Polling END ===
[2026-06-11 16:48:04] === Gmail Polling START ===
[2026-06-11 16:48:05] OK: No new payments found.
[2026-06-11 16:48:05] === Gmail Polling END ===
[2026-06-11 16:49:04] === Gmail Polling START ===
[2026-06-11 16:49:04] OK: No new payments found.
[2026-06-11 16:49:04] === Gmail Polling END ===
[2026-06-11 16:50:03] === Gmail Polling START ===
[2026-06-11 16:50:04] OK: No new payments found.
[2026-06-11 16:50:04] === Gmail Polling END ===
[2026-06-11 16:51:04] === Gmail Polling START ===
[2026-06-11 16:51:04] OK: No new payments found.
[2026-06-11 16:51:04] === Gmail Polling END ===
[2026-06-11 16:52:03] === Gmail Polling START ===
[2026-06-11 16:52:04] OK: No new payments found.
[2026-06-11 16:52:04] === Gmail Polling END ===
[2026-06-11 16:53:05] === Gmail Polling START ===
[2026-06-11 16:53:06] OK: No new payments found.
[2026-06-11 16:53:06] === Gmail Polling END ===
[2026-06-11 16:53:12] === Gmail Polling START ===
[2026-06-11 16:53:29] SUCCESS: Processed 1 payment(s): HDPE13X552AABE9
[2026-06-11 16:53:29] === Gmail Polling END ===
[2026-06-11 16:54:04] === Gmail Polling START ===
[2026-06-11 16:54:06] OK: No new payments found.
[2026-06-11 16:54:06] === Gmail Polling END ===
[2026-06-11 23:24:11] === Gmail Polling START ===
[2026-06-11 23:24:16] OK: No new payments found.
[2026-06-11 23:24:16] === Gmail Polling END ===
[2026-06-11 23:25:04] === Gmail Polling START ===
[2026-06-11 23:25:04] OK: No new payments found.
[2026-06-11 23:25:04] === Gmail Polling END ===
[2026-06-11 23:26:04] === Gmail Polling START ===
[2026-06-11 23:26:06] WARNING: Amount mismatch for order code: HDPE9X8105146A (Expected: 100000)
[2026-06-11 23:26:06] OK: No new payments found.
[2026-06-11 23:26:06] === Gmail Polling END ===
[2026-06-11 23:27:04] === Gmail Polling START ===
[2026-06-11 23:27:10] SUCCESS: Processed 1 payment(s): HDPE9XB696608E
[2026-06-11 23:27:10] === Gmail Polling END ===
[2026-06-11 23:28:05] === Gmail Polling START ===
